// Jest Snapshot v1, https://goo.gl/fbAQLP

exports[`Campaigns <Row> element should render 1`] = `
ShallowWrapper {
  Symbol(enzyme.__root__): [Circular],
  Symbol(enzyme.__unrendered__): <Campaigns />,
  Symbol(enzyme.__renderer__): Object {
    "batchedUpdates": [Function],
    "getNode": [Function],
    "render": [Function],
    "simulateError": [Function],
    "simulateEvent": [Function],
    "unmount": [Function],
  },
  Symbol(enzyme.__node__): Object {
    "instance": null,
    "key": undefined,
    "nodeType": "host",
    "props": Object {
      "children": Array [
        <Row
          className="mb-4"
          tag="div"
        >
          <Col
            sm={8}
            tag="div"
            widths={
              Array [
                "xs",
                "sm",
                "md",
                "lg",
                "xl",
              ]
            }
          >
            <h2>
              Campaigns
            </h2>
          </Col>
          <Col
            className="text-right"
            sm={4}
            tag="div"
            widths={
              Array [
                "xs",
                "sm",
                "md",
                "lg",
                "xl",
              ]
            }
          >
            <Button
              className="mr-2"
              color="primary"
              tag={[Function]}
              to="/undefined/addCampaign"
            >
              ADD
            </Button>
          </Col>
        </Row>,
        <Row
          tag="div"
        >
          <Col
            tag="div"
            widths={
              Array [
                "xs",
                "sm",
                "md",
                "lg",
                "xl",
              ]
            }
          >
            <Connect(ETable)
              columns={
                Array [
                  Object {
                    "Header": "Product",
                    "accessor": "product",
                  },
                  Object {
                    "Header": "DMA Name",
                    "accessor": "dmaName",
                  },
                  Object {
                    "Header": "Start Date",
                    "accessor": "startDate",
                  },
                  Object {
                    "Header": "Promotion Type",
                    "accessor": "promotionType",
                  },
                  Object {
                    "Header": "Promotion Name",
                    "accessor": "promotionName",
                  },
                  Object {
                    "Header": "Promotional Price",
                    "accessor": "promotionalPrice",
                  },
                  Object {
                    "Header": "Display Name",
                    "accessor": "displayName",
                  },
                  Object {
                    "Header": "Promotion ID",
                    "accessor": "promotionID",
                  },
                  Object {
                    "Header": "SKU OR QuickCode",
                    "accessor": "skuORQuickCode",
                  },
                  Object {
                    "Cell": [Function],
                    "Header": "Actions",
                    "accessor": "[row identifier to be passed to button]",
                    "filterable": false,
                  },
                ]
              }
              data={Array []}
              loading={false}
            />
          </Col>
        </Row>,
      ],
    },
    "ref": null,
    "rendered": Array [
      Object {
        "instance": null,
        "key": undefined,
        "nodeType": "function",
        "props": Object {
          "children": Array [
            <Col
              sm={8}
              tag="div"
              widths={
                Array [
                  "xs",
                  "sm",
                  "md",
                  "lg",
                  "xl",
                ]
              }
            >
              <h2>
                Campaigns
              </h2>
            </Col>,
            <Col
              className="text-right"
              sm={4}
              tag="div"
              widths={
                Array [
                  "xs",
                  "sm",
                  "md",
                  "lg",
                  "xl",
                ]
              }
            >
              <Button
                className="mr-2"
                color="primary"
                tag={[Function]}
                to="/undefined/addCampaign"
              >
                ADD
              </Button>
            </Col>,
          ],
          "className": "mb-4",
          "tag": "div",
        },
        "ref": null,
        "rendered": Array [
          Object {
            "instance": null,
            "key": undefined,
            "nodeType": "function",
            "props": Object {
              "children": <h2>
                Campaigns
              </h2>,
              "sm": 8,
              "tag": "div",
              "widths": Array [
                "xs",
                "sm",
                "md",
                "lg",
                "xl",
              ],
            },
            "ref": null,
            "rendered": Object {
              "instance": null,
              "key": undefined,
              "nodeType": "host",
              "props": Object {
                "children": "Campaigns",
              },
              "ref": null,
              "rendered": "Campaigns",
              "type": "h2",
            },
            "type": [Function],
          },
          Object {
            "instance": null,
            "key": undefined,
            "nodeType": "function",
            "props": Object {
              "children": <Button
                className="mr-2"
                color="primary"
                tag={[Function]}
                to="/undefined/addCampaign"
              >
                ADD
              </Button>,
              "className": "text-right",
              "sm": 4,
              "tag": "div",
              "widths": Array [
                "xs",
                "sm",
                "md",
                "lg",
                "xl",
              ],
            },
            "ref": null,
            "rendered": Object {
              "instance": null,
              "key": undefined,
              "nodeType": "class",
              "props": Object {
                "children": "ADD",
                "className": "mr-2",
                "color": "primary",
                "tag": [Function],
                "to": "/undefined/addCampaign",
              },
              "ref": null,
              "rendered": "ADD",
              "type": [Function],
            },
            "type": [Function],
          },
        ],
        "type": [Function],
      },
      Object {
        "instance": null,
        "key": undefined,
        "nodeType": "function",
        "props": Object {
          "children": <Col
            tag="div"
            widths={
              Array [
                "xs",
                "sm",
                "md",
                "lg",
                "xl",
              ]
            }
          >
            <Connect(ETable)
              columns={
                Array [
                  Object {
                    "Header": "Product",
                    "accessor": "product",
                  },
                  Object {
                    "Header": "DMA Name",
                    "accessor": "dmaName",
                  },
                  Object {
                    "Header": "Start Date",
                    "accessor": "startDate",
                  },
                  Object {
                    "Header": "Promotion Type",
                    "accessor": "promotionType",
                  },
                  Object {
                    "Header": "Promotion Name",
                    "accessor": "promotionName",
                  },
                  Object {
                    "Header": "Promotional Price",
                    "accessor": "promotionalPrice",
                  },
                  Object {
                    "Header": "Display Name",
                    "accessor": "displayName",
                  },
                  Object {
                    "Header": "Promotion ID",
                    "accessor": "promotionID",
                  },
                  Object {
                    "Header": "SKU OR QuickCode",
                    "accessor": "skuORQuickCode",
                  },
                  Object {
                    "Cell": [Function],
                    "Header": "Actions",
                    "accessor": "[row identifier to be passed to button]",
                    "filterable": false,
                  },
                ]
              }
              data={Array []}
              loading={false}
            />
          </Col>,
          "tag": "div",
        },
        "ref": null,
        "rendered": Object {
          "instance": null,
          "key": undefined,
          "nodeType": "function",
          "props": Object {
            "children": <Connect(ETable)
              columns={
                Array [
                  Object {
                    "Header": "Product",
                    "accessor": "product",
                  },
                  Object {
                    "Header": "DMA Name",
                    "accessor": "dmaName",
                  },
                  Object {
                    "Header": "Start Date",
                    "accessor": "startDate",
                  },
                  Object {
                    "Header": "Promotion Type",
                    "accessor": "promotionType",
                  },
                  Object {
                    "Header": "Promotion Name",
                    "accessor": "promotionName",
                  },
                  Object {
                    "Header": "Promotional Price",
                    "accessor": "promotionalPrice",
                  },
                  Object {
                    "Header": "Display Name",
                    "accessor": "displayName",
                  },
                  Object {
                    "Header": "Promotion ID",
                    "accessor": "promotionID",
                  },
                  Object {
                    "Header": "SKU OR QuickCode",
                    "accessor": "skuORQuickCode",
                  },
                  Object {
                    "Cell": [Function],
                    "Header": "Actions",
                    "accessor": "[row identifier to be passed to button]",
                    "filterable": false,
                  },
                ]
              }
              data={Array []}
              loading={false}
            />,
            "tag": "div",
            "widths": Array [
              "xs",
              "sm",
              "md",
              "lg",
              "xl",
            ],
          },
          "ref": null,
          "rendered": Object {
            "instance": null,
            "key": "A",
            "nodeType": "class",
            "props": Object {
              "columns": Array [
                Object {
                  "Header": "Product",
                  "accessor": "product",
                },
                Object {
                  "Header": "DMA Name",
                  "accessor": "dmaName",
                },
                Object {
                  "Header": "Start Date",
                  "accessor": "startDate",
                },
                Object {
                  "Header": "Promotion Type",
                  "accessor": "promotionType",
                },
                Object {
                  "Header": "Promotion Name",
                  "accessor": "promotionName",
                },
                Object {
                  "Header": "Promotional Price",
                  "accessor": "promotionalPrice",
                },
                Object {
                  "Header": "Display Name",
                  "accessor": "displayName",
                },
                Object {
                  "Header": "Promotion ID",
                  "accessor": "promotionID",
                },
                Object {
                  "Header": "SKU OR QuickCode",
                  "accessor": "skuORQuickCode",
                },
                Object {
                  "Cell": [Function],
                  "Header": "Actions",
                  "accessor": "[row identifier to be passed to button]",
                  "filterable": false,
                },
              ],
              "data": Array [],
              "loading": false,
            },
            "ref": null,
            "rendered": null,
            "type": [Function],
          },
          "type": [Function],
        },
        "type": [Function],
      },
    ],
    "type": "div",
  },
  Symbol(enzyme.__nodes__): Array [
    Object {
      "instance": null,
      "key": undefined,
      "nodeType": "host",
      "props": Object {
        "children": Array [
          <Row
            className="mb-4"
            tag="div"
          >
            <Col
              sm={8}
              tag="div"
              widths={
                Array [
                  "xs",
                  "sm",
                  "md",
                  "lg",
                  "xl",
                ]
              }
            >
              <h2>
                Campaigns
              </h2>
            </Col>
            <Col
              className="text-right"
              sm={4}
              tag="div"
              widths={
                Array [
                  "xs",
                  "sm",
                  "md",
                  "lg",
                  "xl",
                ]
              }
            >
              <Button
                className="mr-2"
                color="primary"
                tag={[Function]}
                to="/undefined/addCampaign"
              >
                ADD
              </Button>
            </Col>
          </Row>,
          <Row
            tag="div"
          >
            <Col
              tag="div"
              widths={
                Array [
                  "xs",
                  "sm",
                  "md",
                  "lg",
                  "xl",
                ]
              }
            >
              <Connect(ETable)
                columns={
                  Array [
                    Object {
                      "Header": "Product",
                      "accessor": "product",
                    },
                    Object {
                      "Header": "DMA Name",
                      "accessor": "dmaName",
                    },
                    Object {
                      "Header": "Start Date",
                      "accessor": "startDate",
                    },
                    Object {
                      "Header": "Promotion Type",
                      "accessor": "promotionType",
                    },
                    Object {
                      "Header": "Promotion Name",
                      "accessor": "promotionName",
                    },
                    Object {
                      "Header": "Promotional Price",
                      "accessor": "promotionalPrice",
                    },
                    Object {
                      "Header": "Display Name",
                      "accessor": "displayName",
                    },
                    Object {
                      "Header": "Promotion ID",
                      "accessor": "promotionID",
                    },
                    Object {
                      "Header": "SKU OR QuickCode",
                      "accessor": "skuORQuickCode",
                    },
                    Object {
                      "Cell": [Function],
                      "Header": "Actions",
                      "accessor": "[row identifier to be passed to button]",
                      "filterable": false,
                    },
                  ]
                }
                data={Array []}
                loading={false}
              />
            </Col>
          </Row>,
        ],
      },
      "ref": null,
      "rendered": Array [
        Object {
          "instance": null,
          "key": undefined,
          "nodeType": "function",
          "props": Object {
            "children": Array [
              <Col
                sm={8}
                tag="div"
                widths={
                  Array [
                    "xs",
                    "sm",
                    "md",
                    "lg",
                    "xl",
                  ]
                }
              >
                <h2>
                  Campaigns
                </h2>
              </Col>,
              <Col
                className="text-right"
                sm={4}
                tag="div"
                widths={
                  Array [
                    "xs",
                    "sm",
                    "md",
                    "lg",
                    "xl",
                  ]
                }
              >
                <Button
                  className="mr-2"
                  color="primary"
                  tag={[Function]}
                  to="/undefined/addCampaign"
                >
                  ADD
                </Button>
              </Col>,
            ],
            "className": "mb-4",
            "tag": "div",
          },
          "ref": null,
          "rendered": Array [
            Object {
              "instance": null,
              "key": undefined,
              "nodeType": "function",
              "props": Object {
                "children": <h2>
                  Campaigns
                </h2>,
                "sm": 8,
                "tag": "div",
                "widths": Array [
                  "xs",
                  "sm",
                  "md",
                  "lg",
                  "xl",
                ],
              },
              "ref": null,
              "rendered": Object {
                "instance": null,
                "key": undefined,
                "nodeType": "host",
                "props": Object {
                  "children": "Campaigns",
                },
                "ref": null,
                "rendered": "Campaigns",
                "type": "h2",
              },
              "type": [Function],
            },
            Object {
              "instance": null,
              "key": undefined,
              "nodeType": "function",
              "props": Object {
                "children": <Button
                  className="mr-2"
                  color="primary"
                  tag={[Function]}
                  to="/undefined/addCampaign"
                >
                  ADD
                </Button>,
                "className": "text-right",
                "sm": 4,
                "tag": "div",
                "widths": Array [
                  "xs",
                  "sm",
                  "md",
                  "lg",
                  "xl",
                ],
              },
              "ref": null,
              "rendered": Object {
                "instance": null,
                "key": undefined,
                "nodeType": "class",
                "props": Object {
                  "children": "ADD",
                  "className": "mr-2",
                  "color": "primary",
                  "tag": [Function],
                  "to": "/undefined/addCampaign",
                },
                "ref": null,
                "rendered": "ADD",
                "type": [Function],
              },
              "type": [Function],
            },
          ],
          "type": [Function],
        },
        Object {
          "instance": null,
          "key": undefined,
          "nodeType": "function",
          "props": Object {
            "children": <Col
              tag="div"
              widths={
                Array [
                  "xs",
                  "sm",
                  "md",
                  "lg",
                  "xl",
                ]
              }
            >
              <Connect(ETable)
                columns={
                  Array [
                    Object {
                      "Header": "Product",
                      "accessor": "product",
                    },
                    Object {
                      "Header": "DMA Name",
                      "accessor": "dmaName",
                    },
                    Object {
                      "Header": "Start Date",
                      "accessor": "startDate",
                    },
                    Object {
                      "Header": "Promotion Type",
                      "accessor": "promotionType",
                    },
                    Object {
                      "Header": "Promotion Name",
                      "accessor": "promotionName",
                    },
                    Object {
                      "Header": "Promotional Price",
                      "accessor": "promotionalPrice",
                    },
                    Object {
                      "Header": "Display Name",
                      "accessor": "displayName",
                    },
                    Object {
                      "Header": "Promotion ID",
                      "accessor": "promotionID",
                    },
                    Object {
                      "Header": "SKU OR QuickCode",
                      "accessor": "skuORQuickCode",
                    },
                    Object {
                      "Cell": [Function],
                      "Header": "Actions",
                      "accessor": "[row identifier to be passed to button]",
                      "filterable": false,
                    },
                  ]
                }
                data={Array []}
                loading={false}
              />
            </Col>,
            "tag": "div",
          },
          "ref": null,
          "rendered": Object {
            "instance": null,
            "key": undefined,
            "nodeType": "function",
            "props": Object {
              "children": <Connect(ETable)
                columns={
                  Array [
                    Object {
                      "Header": "Product",
                      "accessor": "product",
                    },
                    Object {
                      "Header": "DMA Name",
                      "accessor": "dmaName",
                    },
                    Object {
                      "Header": "Start Date",
                      "accessor": "startDate",
                    },
                    Object {
                      "Header": "Promotion Type",
                      "accessor": "promotionType",
                    },
                    Object {
                      "Header": "Promotion Name",
                      "accessor": "promotionName",
                    },
                    Object {
                      "Header": "Promotional Price",
                      "accessor": "promotionalPrice",
                    },
                    Object {
                      "Header": "Display Name",
                      "accessor": "displayName",
                    },
                    Object {
                      "Header": "Promotion ID",
                      "accessor": "promotionID",
                    },
                    Object {
                      "Header": "SKU OR QuickCode",
                      "accessor": "skuORQuickCode",
                    },
                    Object {
                      "Cell": [Function],
                      "Header": "Actions",
                      "accessor": "[row identifier to be passed to button]",
                      "filterable": false,
                    },
                  ]
                }
                data={Array []}
                loading={false}
              />,
              "tag": "div",
              "widths": Array [
                "xs",
                "sm",
                "md",
                "lg",
                "xl",
              ],
            },
            "ref": null,
            "rendered": Object {
              "instance": null,
              "key": "A",
              "nodeType": "class",
              "props": Object {
                "columns": Array [
                  Object {
                    "Header": "Product",
                    "accessor": "product",
                  },
                  Object {
                    "Header": "DMA Name",
                    "accessor": "dmaName",
                  },
                  Object {
                    "Header": "Start Date",
                    "accessor": "startDate",
                  },
                  Object {
                    "Header": "Promotion Type",
                    "accessor": "promotionType",
                  },
                  Object {
                    "Header": "Promotion Name",
                    "accessor": "promotionName",
                  },
                  Object {
                    "Header": "Promotional Price",
                    "accessor": "promotionalPrice",
                  },
                  Object {
                    "Header": "Display Name",
                    "accessor": "displayName",
                  },
                  Object {
                    "Header": "Promotion ID",
                    "accessor": "promotionID",
                  },
                  Object {
                    "Header": "SKU OR QuickCode",
                    "accessor": "skuORQuickCode",
                  },
                  Object {
                    "Cell": [Function],
                    "Header": "Actions",
                    "accessor": "[row identifier to be passed to button]",
                    "filterable": false,
                  },
                ],
                "data": Array [],
                "loading": false,
              },
              "ref": null,
              "rendered": null,
              "type": [Function],
            },
            "type": [Function],
          },
          "type": [Function],
        },
      ],
      "type": "div",
    },
  ],
  Symbol(enzyme.__options__): Object {
    "adapter": ReactSixteenAdapter {
      "options": Object {
        "enableComponentDidUpdateOnSetState": true,
        "lifecycles": Object {
          "componentDidUpdate": Object {
            "onSetState": true,
          },
          "getDerivedStateFromProps": true,
          "getSnapshotBeforeUpdate": true,
          "setState": Object {
            "skipsComponentDidUpdateOnNullish": true,
          },
        },
      },
    },
  },
}
`;
